[2026-05-19 07:20:53][focus][grant] owner=SearchCenter hwnd=1837606 priority=20 reason=show_focus
[2026-05-19 07:21:26][focus][release] owner=SearchCenter reason=wm_deactivate
[2026-05-19 07:21:30][focus][grant] owner=SearchCenter hwnd=591130 priority=20 reason=show_focus
[2026-05-19 07:22:08][focus][release] owner=SearchCenter reason=wm_deactivate
[2026-05-19 07:42:14][focus][grant] owner=SearchCenter hwnd=1378596 priority=20 reason=show_focus
[2026-05-19 07:42:42][focus][release] owner=SearchCenter reason=esc
[2026-05-19 07:42:44][focus][grant] owner=SearchCenter hwnd=462616 priority=20 reason=show_focus
[2026-05-19 07:48:21][focus][grant] owner=SearchCenter hwnd=788480 priority=20 reason=show_focus
[2026-05-19 07:50:47][focus][release] owner=SearchCenter reason=wm_deactivate
[2026-05-19 07:50:49][focus][grant] owner=SearchCenter hwnd=5115538 priority=20 reason=show_focus
[2026-05-19 07:52:24][focus][release] owner=SearchCenter reason=esc
[2026-05-19 07:52:30][focus][grant] owner=SearchCenter hwnd=2165222 priority=20 reason=show_focus
[2026-05-19 07:53:18][focus][release] owner=SearchCenter reason=esc
[2026-05-19 07:53:45][focus][grant] owner=SearchCenter hwnd=1838740 priority=20 reason=show_focus
[2026-05-19 07:53:53][focus][release] owner=SearchCenter reason=wm_deactivate
[2026-05-19 07:54:03][focus][grant] owner=SearchCenter hwnd=330154 priority=20 reason=show_focus
[2026-05-19 07:57:00][focus][grant] owner=SearchCenter hwnd=1445576 priority=20 reason=show_focus
[2026-05-19 07:57:58][focus][release] owner=SearchCenter reason=wm_deactivate
[2026-05-19 07:58:04][focus][grant] owner=SearchCenter hwnd=11602450 priority=20 reason=show_focus
[2026-05-19 07:58:20][focus][release] owner=SearchCenter reason=wm_deactivate
[2026-05-19 07:58:48][focus][grant] owner=SearchCenter hwnd=10817284 priority=20 reason=show_focus
[2026-05-19 07:59:24][focus][release] owner=SearchCenter reason=wm_deactivate
[2026-05-19 07:59:46][focus][grant] owner=SearchCenter hwnd=591878 priority=20 reason=show_focus
[2026-05-19 08:00:01][focus][release] owner=SearchCenter reason=wm_deactivate
[2026-05-19 08:00:13][focus][grant] owner=SearchCenter hwnd=1639168 priority=20 reason=show_focus
[2026-05-19 08:01:17][focus][release] owner=SearchCenter reason=esc
[2026-05-19 08:02:55][focus][grant] owner=SearchCenter hwnd=659294 priority=20 reason=show_focus
[2026-05-19 08:04:52][focus][grant] owner=SearchCenter hwnd=985100 priority=20 reason=show_focus
[2026-05-19 08:05:24][focus][release] owner=SearchCenter reason=wm_deactivate
[2026-05-19 08:06:21][focus][grant] owner=SearchCenter hwnd=5702902 priority=20 reason=show_focus
[2026-05-19 08:07:34][focus][release] owner=SearchCenter reason=esc
[2026-05-19 08:08:02][focus][grant] owner=SearchCenter hwnd=1640446 priority=20 reason=show_focus
[2026-05-19 08:09:39][focus][release] owner=SearchCenter reason=wm_deactivate
[2026-05-19 08:09:59][focus][grant] owner=SearchCenter hwnd=1838762 priority=20 reason=show_focus
[2026-05-19 08:13:22][focus][grant] owner=SearchCenter hwnd=8261322 priority=20 reason=show_focus
[2026-05-19 08:21:00][focus][grant] owner=SearchCenter hwnd=527846 priority=20 reason=show_focus
[2026-05-19 08:23:37][focus][release] owner=SearchCenter reason=wm_deactivate
[2026-05-19 08:24:18][focus][grant] owner=SearchCenter hwnd=1378630 priority=20 reason=show_focus
[2026-05-19 08:25:16][focus][release] owner=SearchCenter reason=wm_deactivate
[2026-05-19 08:26:32][focus][grant] owner=SearchCenter hwnd=8523466 priority=20 reason=show_focus
[2026-05-19 08:27:09][focus][grant] owner=SearchCenter hwnd=8523466 priority=20 reason=show_focus
[2026-05-19 08:27:09][focus][grant] owner=SearchCenter hwnd=8523466 priority=20 reason=focus_deferred
[2026-05-19 08:27:09][focus][grant] owner=SearchCenter hwnd=8523466 priority=20 reason=deferred_move_focus
[2026-05-19 08:27:10][focus][grant] owner=SearchCenter hwnd=8523466 priority=20 reason=focus_for_ime
[2026-05-19 08:29:40][focus][release] owner=SearchCenter reason=gui_close
[2026-05-19 08:30:09][focus][grant] owner=SearchCenter hwnd=1771546 priority=20 reason=show_focus
[2026-05-19 08:33:21][focus][grant] owner=SearchCenter hwnd=7735898 priority=20 reason=show_focus
[2026-05-19 08:34:27][focus][release] owner=SearchCenter reason=wm_deactivate
